// Jest Snapshot v1, https://goo.gl/fbAQLP

exports[`StoryUpdateForm Snapshot 1`] = `
<DocumentFragment>
  <div
    class="css-1w92uxk"
  >
    <form>
      <input
        name="id"
        type="hidden"
        value="43319be6-5d3b-4a00-8485-e4f526c6b331"
      />
      <input
        name="projectId"
        type="hidden"
        value="fea13c33-1285-4005-86fa-81db5444e360"
      />
      <div
        class="chakra-stack css-1h4ws66"
      >
        <div
          class="chakra-stack css-1nwgsmj"
        >
          <div
            class="chakra-form-control css-0"
            role="group"
          >
            <input
              class="chakra-input css-cxmp86"
              id="field-1"
              name="title"
              type="text"
            />
          </div>
        </div>
      </div>
      <div
        class="chakra-stack css-rcjhfu"
      >
        <div
          class="chakra-button__group css-1ayoy1w"
          role="group"
        >
          <button
            aria-label="Delete"
            class="chakra-button css-14axtgj"
            type="button"
          >
            <svg
              aria-hidden="true"
              class="chakra-icon css-13otjrl"
              fill="currentColor"
              focusable="false"
              height="1em"
              stroke="currentColor"
              stroke-width="0"
              viewBox="0 0 16 16"
              width="1em"
              xmlns="http://www.w3.org/2000/svg"
            >
              <path
                clip-rule="evenodd"
                d="M10 3h3v1h-1v9l-1 1H4l-1-1V4H2V3h3V2a1 1 0 0 1 1-1h3a1 1 0 0 1 1 1v1zM9 2H6v1h3V2zM4 13h7V4H4v9zm2-8H5v7h1V5zm1 0h1v7H7V5zm2 0h1v7H9V5z"
                fill-rule="evenodd"
              />
            </svg>
          </button>
        </div>
        <div
          class="chakra-stack css-2nt6bn"
        >
          <button
            class="chakra-button css-5c2176"
            type="submit"
          >
            Save
          </button>
        </div>
      </div>
      <div
        class="chakra-stack css-ysmzeb"
      >
        <div
          class="chakra-stack css-yemcr4"
        >
          <div
            class="chakra-form-control css-0"
            role="group"
          >
            <div
              class="css-70qvj9"
            >
              <label
                class="chakra-form__label css-1w9kk21"
                for=":r0:"
                id="field-3-label"
              >
                State
              </label>
              <div
                class="chakra-select__wrapper css-42b2qy"
              >
                <select
                  class="chakra-select css-1ik61og"
                  id=":r0:"
                  name="state"
                >
                  <option
                    value="UNSTARTED"
                  >
                    UNSTARTED
                  </option>
                  <option
                    value="STARTED"
                  >
                    STARTED
                  </option>
                  <option
                    value="FINISHED"
                  >
                    FINISHED
                  </option>
                  <option
                    value="ACCEPTED"
                  >
                    ACCEPTED
                  </option>
                  <option
                    value="REJECTED"
                  >
                    REJECTED
                  </option>
                </select>
                <div
                  class="chakra-select__icon-wrapper css-162mkon"
                >
                  <svg
                    aria-hidden="true"
                    class="chakra-select__icon"
                    focusable="false"
                    role="presentation"
                    style="width: 1em; height: 1em; color: currentColor;"
                    viewBox="0 0 24 24"
                  >
                    <path
                      d="M16.59 8.59L12 13.17 7.41 8.59 6 10l6 6 6-6z"
                      fill="currentColor"
                    />
                  </svg>
                </div>
              </div>
            </div>
          </div>
        </div>
      </div>
      <div
        class="chakra-stack css-ysmzeb"
      >
        <div
          class="chakra-stack css-yemcr4"
        >
          <div
            class="chakra-form-control css-0"
            role="group"
          >
            <div
              class="css-70qvj9"
            >
              <label
                class="chakra-form__label css-1w9kk21"
                for=":r1:"
                id="field-4-label"
              >
                TYPE
              </label>
              <div
                class="chakra-select__wrapper css-42b2qy"
              >
                <select
                  class="chakra-select css-1ik61og"
                  id=":r1:"
                  name="kind"
                >
                  <option
                    value="FEATURE"
                  >
                    Feature
                  </option>
                  <option
                    value="BUG"
                  >
                    Bug
                  </option>
                  <option
                    value="CHORE"
                  >
                    Chore
                  </option>
                  <option
                    value="RELEASE"
                  >
                    Release
                  </option>
                </select>
                <div
                  class="chakra-select__icon-wrapper css-162mkon"
                >
                  <svg
                    aria-hidden="true"
                    class="chakra-select__icon"
                    focusable="false"
                    role="presentation"
                    style="width: 1em; height: 1em; color: currentColor;"
                    viewBox="0 0 24 24"
                  >
                    <path
                      d="M16.59 8.59L12 13.17 7.41 8.59 6 10l6 6 6-6z"
                      fill="currentColor"
                    />
                  </svg>
                </div>
              </div>
            </div>
          </div>
        </div>
        <div
          class="chakra-stack css-yemcr4"
        >
          <div
            class="chakra-form-control css-0"
            role="group"
          >
            <div
              class="css-70qvj9"
            >
              <label
                class="chakra-form__label css-1w9kk21"
                for=":r2:"
                id="field-5-label"
              >
                RELEASE DATE
              </label>
              <input
                class="chakra-input css-0"
                id=":r2:"
                type="date"
                value="1992-11-28"
              />
            </div>
          </div>
        </div>
        <div
          class="chakra-stack css-yemcr4"
        >
          <div
            class="chakra-form-control css-0"
            role="group"
          >
            <div
              class="css-70qvj9"
            >
              <label
                class="chakra-form__label css-1w9kk21"
                for=":r3:"
                id="field-6-label"
              >
                POINTS
              </label>
              <div
                class="chakra-select__wrapper css-42b2qy"
              >
                <select
                  class="chakra-select css-1ik61og"
                  id=":r3:"
                  name="points"
                >
                  <option>
                    Unestimated
                  </option>
                  <option
                    value="1"
                  >
                    1
                  </option>
                  <option
                    value="2"
                  >
                    2
                  </option>
                  <option
                    value="3"
                  >
                    3
                  </option>
                  <option
                    value="5"
                  >
                    5
                  </option>
                  <option
                    value="8"
                  >
                    8
                  </option>
                  <option
                    value="13"
                  >
                    13
                  </option>
                  <option
                    value="20"
                  >
                    20
                  </option>
                  <option
                    value="40"
                  >
                    40
                  </option>
                </select>
                <div
                  class="chakra-select__icon-wrapper css-162mkon"
                >
                  <svg
                    aria-hidden="true"
                    class="chakra-select__icon"
                    focusable="false"
                    role="presentation"
                    style="width: 1em; height: 1em; color: currentColor;"
                    viewBox="0 0 24 24"
                  >
                    <path
                      d="M16.59 8.59L12 13.17 7.41 8.59 6 10l6 6 6-6z"
                      fill="currentColor"
                    />
                  </svg>
                </div>
              </div>
            </div>
          </div>
        </div>
        <div
          class="chakra-stack css-yemcr4"
        >
          <div
            class="chakra-form-control css-0"
            role="group"
          >
            <div
              class="css-70qvj9"
            >
              <label
                class="chakra-form__label css-1w9kk21"
                for=":r4:"
                id="field-7-label"
              >
                REQUESTER
              </label>
              <div
                class="chakra-select__wrapper css-42b2qy"
              >
                <select
                  class="chakra-select css-1ik61og"
                  id=":r4:"
                  name="requesterId"
                >
                  <option
                    value="d9d74e52-e374-4a7a-94e3-ea15097779b8"
                  >
                    et
                  </option>
                </select>
                <div
                  class="chakra-select__icon-wrapper css-162mkon"
                >
                  <svg
                    aria-hidden="true"
                    class="chakra-select__icon"
                    focusable="false"
                    role="presentation"
                    style="width: 1em; height: 1em; color: currentColor;"
                    viewBox="0 0 24 24"
                  >
                    <path
                      d="M16.59 8.59L12 13.17 7.41 8.59 6 10l6 6 6-6z"
                      fill="currentColor"
                    />
                  </svg>
                </div>
              </div>
            </div>
          </div>
        </div>
      </div>
      <div
        class="chakra-stack css-zvppbj"
      >
        <div
          class="chakra-form-control css-0"
          role="group"
        >
          <label
            class="chakra-form__label css-uvho5g"
            for="description"
            id="field-8-label"
          >
            DESCRIPTION
          </label>
          <textarea
            class="chakra-textarea css-cxmp86"
            id=":r5:"
            name="description"
          />
        </div>
      </div>
    </form>
  </div>
</DocumentFragment>
`;
